2026-02-26T14:33:19.3294734Z Current runner version: '2.331.0'
2026-02-26T14:33:19.3320407Z ##[group]Runner Image Provisioner
2026-02-26T14:33:19.3321256Z Hosted Compute Agent
2026-02-26T14:33:19.3321916Z Version: 20260213.493
2026-02-26T14:33:19.3322923Z Commit: 5c115507f6dd24b8de37d8bbe0bb4509d0cc0fa3
2026-02-26T14:33:19.3323672Z Build Date: 2026-02-13T00:28:41Z
2026-02-26T14:33:19.3324369Z Worker ID: {1151b43b-2209-4132-8b8d-d36fbfb9f00c}
2026-02-26T14:33:19.3325068Z Azure Region: eastus2
2026-02-26T14:33:19.3325705Z ##[endgroup]
2026-02-26T14:33:19.3327241Z ##[group]Operating System
2026-02-26T14:33:19.3327902Z Ubuntu
2026-02-26T14:33:19.3328351Z 24.04.3
2026-02-26T14:33:19.3328942Z LTS
2026-02-26T14:33:19.3329438Z ##[endgroup]
2026-02-26T14:33:19.3329923Z ##[group]Runner Image
2026-02-26T14:33:19.3330613Z Image: ubuntu-24.04
2026-02-26T14:33:19.3331115Z Version: 20260224.36.1
2026-02-26T14:33:19.3332535Z Included Software: https://github.com/actions/runner-images/blob/ubuntu24/20260224.36/images/ubuntu/Ubuntu2404-Readme.md
2026-02-26T14:33:19.3334002Z Image Release: https://github.com/actions/runner-images/releases/tag/ubuntu24%2F20260224.36
2026-02-26T14:33:19.3335062Z ##[endgroup]
2026-02-26T14:33:19.3336124Z ##[group]GITHUB_TOKEN Permissions
2026-02-26T14:33:19.3338157Z Contents: read
2026-02-26T14:33:19.3338896Z Metadata: read
2026-02-26T14:33:19.3339409Z Packages: read
2026-02-26T14:33:19.3339924Z ##[endgroup]
2026-02-26T14:33:19.3342024Z Secret source: Actions
2026-02-26T14:33:19.3342932Z Prepare workflow directory
2026-02-26T14:33:19.3667391Z Prepare all required actions
2026-02-26T14:33:19.3706480Z Getting action download info
2026-02-26T14:33:19.7357929Z Download action repository 'actions/checkout@v4' (SHA:34e114876b0b11c390a56381ad16ebd13914f8d5)
2026-02-26T14:33:19.8701262Z Download action repository 'actions/setup-node@v4' (SHA:49933ea5288caeca8642d1e84afbd3f7d6820020)
2026-02-26T14:33:19.9646732Z Download action repository 'actions/upload-artifact@v4' (SHA:ea165f8d65b6e75b540449e92b4886f43607fa02)
2026-02-26T14:33:20.1896905Z Complete job name: test
2026-02-26T14:33:20.2651074Z ##[group]Run actions/checkout@v4
2026-02-26T14:33:20.2651969Z with:
2026-02-26T14:33:20.2652591Z   repository: DenisDMU/ci-netlify
2026-02-26T14:33:20.2653290Z   token: ***
2026-02-26T14:33:20.2653720Z   ssh-strict: true
2026-02-26T14:33:20.2654162Z   ssh-user: git
2026-02-26T14:33:20.2654603Z   persist-credentials: true
2026-02-26T14:33:20.2655082Z   clean: true
2026-02-26T14:33:20.2655540Z   sparse-checkout-cone-mode: true
2026-02-26T14:33:20.2656081Z   fetch-depth: 1
2026-02-26T14:33:20.2656514Z   fetch-tags: false
2026-02-26T14:33:20.2656973Z   show-progress: true
2026-02-26T14:33:20.2657408Z   lfs: false
2026-02-26T14:33:20.2657819Z   submodules: false
2026-02-26T14:33:20.2658262Z   set-safe-directory: true
2026-02-26T14:33:20.2659000Z ##[endgroup]
2026-02-26T14:33:20.3916665Z Syncing repository: DenisDMU/ci-netlify
2026-02-26T14:33:20.3919646Z ##[group]Getting Git version info
2026-02-26T14:33:20.3921043Z Working directory is '/home/runner/work/ci-netlify/ci-netlify'
2026-02-26T14:33:20.3923428Z [command]/usr/bin/git version
2026-02-26T14:33:20.3957111Z git version 2.53.0
2026-02-26T14:33:20.3985288Z ##[endgroup]
2026-02-26T14:33:20.4000849Z Temporarily overriding HOME='/home/runner/work/_temp/c4beeaef-55a0-4a12-bc70-841bec1033b3' before making global git config changes
2026-02-26T14:33:20.4003747Z Adding repository directory to the temporary git global config as a safe directory
2026-02-26T14:33:20.4015917Z [command]/usr/bin/git config --global --add safe.directory /home/runner/work/ci-netlify/ci-netlify
2026-02-26T14:33:20.4066404Z Deleting the contents of '/home/runner/work/ci-netlify/ci-netlify'
2026-02-26T14:33:20.4071334Z ##[group]Initializing the repository
2026-02-26T14:33:20.4081181Z [command]/usr/bin/git init /home/runner/work/ci-netlify/ci-netlify
2026-02-26T14:33:20.4188437Z hint: Using 'master' as the name for the initial branch. This default branch name
2026-02-26T14:33:20.4189715Z hint: will change to "main" in Git 3.0. To configure the initial branch name
2026-02-26T14:33:20.4191235Z hint: to use in all of your new repositories, which will suppress this warning,
2026-02-26T14:33:20.4192810Z hint: call:
2026-02-26T14:33:20.4193281Z hint:
2026-02-26T14:33:20.4193810Z hint: 	git config --global init.defaultBranch <name>
2026-02-26T14:33:20.4194426Z hint:
2026-02-26T14:33:20.4195158Z hint: Names commonly chosen instead of 'master' are 'main', 'trunk' and
2026-02-26T14:33:20.4196452Z hint: 'development'. The just-created branch can be renamed via this command:
2026-02-26T14:33:20.4197206Z hint:
2026-02-26T14:33:20.4197800Z hint: 	git branch -m <name>
2026-02-26T14:33:20.4198319Z hint:
2026-02-26T14:33:20.4198960Z hint: Disable this message with "git config set advice.defaultBranchName false"
2026-02-26T14:33:20.4200215Z Initialized empty Git repository in /home/runner/work/ci-netlify/ci-netlify/.git/
2026-02-26T14:33:20.4205579Z [command]/usr/bin/git remote add origin https://github.com/DenisDMU/ci-netlify
2026-02-26T14:33:20.4241528Z ##[endgroup]
2026-02-26T14:33:20.4243159Z ##[group]Disabling automatic garbage collection
2026-02-26T14:33:20.4246686Z [command]/usr/bin/git config --local gc.auto 0
2026-02-26T14:33:20.4277233Z ##[endgroup]
2026-02-26T14:33:20.4278719Z ##[group]Setting up auth
2026-02-26T14:33:20.4285229Z [command]/usr/bin/git config --local --name-only --get-regexp core\.sshCommand
2026-02-26T14:33:20.4319985Z [command]/usr/bin/git submodule foreach --recursive sh -c "git config --local --name-only --get-regexp 'core\.sshCommand' && git config --local --unset-all 'core.sshCommand' || :"
2026-02-26T14:33:20.4672752Z [command]/usr/bin/git config --local --name-only --get-regexp http\.https\:\/\/github\.com\/\.extraheader
2026-02-26T14:33:20.4706191Z [command]/usr/bin/git submodule foreach --recursive sh -c "git config --local --name-only --get-regexp 'http\.https\:\/\/github\.com\/\.extraheader' && git config --local --unset-all 'http.https://github.com/.extraheader' || :"
2026-02-26T14:33:20.4940765Z [command]/usr/bin/git config --local --name-only --get-regexp ^includeIf\.gitdir:
2026-02-26T14:33:20.4981475Z [command]/usr/bin/git submodule foreach --recursive git config --local --show-origin --name-only --get-regexp remote.origin.url
2026-02-26T14:33:20.5220786Z [command]/usr/bin/git config --local http.https://github.com/.extraheader AUTHORIZATION: basic ***
2026-02-26T14:33:20.5256808Z ##[endgroup]
2026-02-26T14:33:20.5258229Z ##[group]Fetching the repository
2026-02-26T14:33:20.5266985Z [command]/usr/bin/git -c protocol.version=2 fetch --no-tags --prune --no-recurse-submodules --depth=1 origin +ad3bc6dee91e806e4acb4060fc2d412113fdc5b4:refs/remotes/origin/main
2026-02-26T14:33:20.7993249Z From https://github.com/DenisDMU/ci-netlify
2026-02-26T14:33:20.7994390Z  * [new ref]         ad3bc6dee91e806e4acb4060fc2d412113fdc5b4 -> origin/main
2026-02-26T14:33:20.8027964Z ##[endgroup]
2026-02-26T14:33:20.8028735Z ##[group]Determining the checkout info
2026-02-26T14:33:20.8030163Z ##[endgroup]
2026-02-26T14:33:20.8035646Z [command]/usr/bin/git sparse-checkout disable
2026-02-26T14:33:20.8079166Z [command]/usr/bin/git config --local --unset-all extensions.worktreeConfig
2026-02-26T14:33:20.8106806Z ##[group]Checking out the ref
2026-02-26T14:33:20.8111250Z [command]/usr/bin/git checkout --progress --force -B main refs/remotes/origin/main
2026-02-26T14:33:20.8252324Z Switched to a new branch 'main'
2026-02-26T14:33:20.8254696Z branch 'main' set up to track 'origin/main'.
2026-02-26T14:33:20.8262618Z ##[endgroup]
2026-02-26T14:33:20.8302982Z [command]/usr/bin/git log -1 --format=%H
2026-02-26T14:33:20.8328625Z ad3bc6dee91e806e4acb4060fc2d412113fdc5b4
2026-02-26T14:33:20.8606672Z ##[group]Run actions/setup-node@v4
2026-02-26T14:33:20.8607347Z with:
2026-02-26T14:33:20.8607793Z   node-version: 20
2026-02-26T14:33:20.8608277Z   cache: npm
2026-02-26T14:33:20.8608724Z   always-auth: false
2026-02-26T14:33:20.8609228Z   check-latest: false
2026-02-26T14:33:20.8609913Z   token: ***
2026-02-26T14:33:20.8610357Z ##[endgroup]
2026-02-26T14:33:21.0378594Z Found in cache @ /opt/hostedtoolcache/node/20.20.0/x64
2026-02-26T14:33:21.0385159Z ##[group]Environment details
2026-02-26T14:33:21.4079716Z node: v20.20.0
2026-02-26T14:33:21.4080616Z npm: 10.8.2
2026-02-26T14:33:21.4081244Z yarn: 1.22.22
2026-02-26T14:33:21.4083245Z ##[endgroup]
2026-02-26T14:33:21.4102908Z [command]/opt/hostedtoolcache/node/20.20.0/x64/bin/npm config get cache
2026-02-26T14:33:21.5594427Z /home/runner/.npm
2026-02-26T14:33:21.6628447Z Cache hit for: node-cache-Linux-x64-npm-5013f6ef94677f68d37e7b2a59286a79272ac61571ce8f401bfef38076b803ea
2026-02-26T14:33:22.3724774Z Received 97365000 of 97365000 (100.0%), 140.9 MBs/sec
2026-02-26T14:33:22.3727202Z Cache Size: ~93 MB (97365000 B)
2026-02-26T14:33:22.3758967Z [command]/usr/bin/tar -xf /home/runner/work/_temp/b716031b-9079-49fd-a51a-8f7c3d204d23/cache.tzst -P -C /home/runner/work/ci-netlify/ci-netlify --use-compress-program unzstd
2026-02-26T14:33:22.7489605Z Cache restored successfully
2026-02-26T14:33:22.7687423Z Cache restored from key: node-cache-Linux-x64-npm-5013f6ef94677f68d37e7b2a59286a79272ac61571ce8f401bfef38076b803ea
2026-02-26T14:33:22.7870346Z ##[group]Run npm install --ignore-optional
2026-02-26T14:33:22.7870756Z [36;1mnpm install --ignore-optional[0m
2026-02-26T14:33:22.7933086Z shell: /usr/bin/bash -e {0}
2026-02-26T14:33:22.7933368Z ##[endgroup]
2026-02-26T14:33:28.7499725Z npm warn deprecated whatwg-encoding@3.1.1: Use @exodus/bytes instead for a more spec-conformant and faster implementation
2026-02-26T14:33:29.8911950Z npm warn deprecated node-domexception@1.0.0: Use your platform's native DOMException instead
2026-02-26T14:33:30.6064762Z npm warn deprecated glob@10.5.0: Old versions of glob are not supported, and contain widely publicized security vulnerabilities, which have been fixed in the current version. Please update. Support for old versions may be purchased (at exorbitant rates) by contacting i@izs.me
2026-02-26T14:33:38.8962296Z 
2026-02-26T14:33:38.8963577Z added 1493 packages, and audited 1497 packages in 16s
2026-02-26T14:33:38.8964197Z 
2026-02-26T14:33:38.8964643Z 390 packages are looking for funding
2026-02-26T14:33:38.8965194Z   run `npm fund` for details
2026-02-26T14:33:38.9245782Z 
2026-02-26T14:33:38.9246472Z 11 vulnerabilities (1 low, 7 moderate, 3 high)
2026-02-26T14:33:38.9247008Z 
2026-02-26T14:33:38.9247474Z To address issues that do not require attention, run:
2026-02-26T14:33:38.9248138Z   npm audit fix
2026-02-26T14:33:38.9248385Z 
2026-02-26T14:33:38.9248824Z To address all issues (including breaking changes), run:
2026-02-26T14:33:38.9249486Z   npm audit fix --force
2026-02-26T14:33:38.9249787Z 
2026-02-26T14:33:38.9250015Z Run `npm audit` for details.
2026-02-26T14:33:38.9923415Z ##[group]Run npm run test:unit
2026-02-26T14:33:38.9923751Z [36;1mnpm run test:unit[0m
2026-02-26T14:33:38.9973542Z shell: /usr/bin/bash -e {0}
2026-02-26T14:33:38.9973831Z ##[endgroup]
2026-02-26T14:33:39.1082882Z 
2026-02-26T14:33:39.1083268Z > taskflow@1.0.0 test:unit
2026-02-26T14:33:39.1083930Z > vitest run src/utils src/components
2026-02-26T14:33:39.1084347Z 
2026-02-26T14:33:39.4464154Z 
2026-02-26T14:33:39.4466304Z [1m[7m[36m RUN [39m[27m[22m [36mv2.1.9 [39m[90m/home/runner/work/ci-netlify/ci-netlify[39m
2026-02-26T14:33:39.4467109Z 
2026-02-26T14:33:40.4334957Z  [32m✓[39m src/utils/__tests__/taskHelpers.test.js [2m([22m[2m22 tests[22m[2m)[22m[90m 27[2mms[22m[39m
2026-02-26T14:33:40.7265147Z  [32m✓[39m src/components/__tests__/TaskItem.test.jsx [2m([22m[2m7 tests[22m[2m)[22m[90m 166[2mms[22m[39m
2026-02-26T14:33:40.7599114Z  [32m✓[39m src/components/__tests__/TaskFilters.test.jsx [2m([22m[2m6 tests[22m[2m)[22m[90m 212[2mms[22m[39m
2026-02-26T14:33:41.6209258Z  [32m✓[39m src/components/__tests__/TaskList.test.jsx [2m([22m[2m4 tests[22m[2m)[22m[90m 90[2mms[22m[39m
2026-02-26T14:33:41.6461247Z  [32m✓[39m src/components/__tests__/TaskForm.test.jsx [2m([22m[2m5 tests[22m[2m)[22m[90m 291[2mms[22m[39m
2026-02-26T14:33:41.6627507Z 
2026-02-26T14:33:41.6639726Z [2m Test Files [22m [1m[32m5 passed[39m[22m[90m (5)[39m
2026-02-26T14:33:41.6642396Z [2m      Tests [22m [1m[32m44 passed[39m[22m[90m (44)[39m
2026-02-26T14:33:41.6643219Z [2m   Start at [22m 14:33:39
2026-02-26T14:33:41.6646340Z [2m   Duration [22m 2.22s[2m (transform 145ms, setup 471ms, collect 704ms, tests 786ms, environment 2.57s, prepare 429ms)[22m
2026-02-26T14:33:41.6647190Z 
2026-02-26T14:33:41.6900469Z ##[group]Run npm run test:integration
2026-02-26T14:33:41.6900793Z [36;1mnpm run test:integration[0m
2026-02-26T14:33:41.6948895Z shell: /usr/bin/bash -e {0}
2026-02-26T14:33:41.6949142Z ##[endgroup]
2026-02-26T14:33:41.8049362Z 
2026-02-26T14:33:41.8050091Z > taskflow@1.0.0 test:integration
2026-02-26T14:33:41.8050762Z > vitest run --dir src/__tests__
2026-02-26T14:33:41.8051080Z 
2026-02-26T14:33:42.1620396Z 
2026-02-26T14:33:42.1622727Z [1m[7m[36m RUN [39m[27m[22m [36mv2.1.9 [39m[90m/home/runner/work/ci-netlify/ci-netlify[39m
2026-02-26T14:33:42.1625720Z 
2026-02-26T14:33:43.6821326Z  [32m✓[39m src/__tests__/App.test.jsx [2m([22m[2m6 tests[22m[2m)[22m[33m 571[2mms[22m[39m
2026-02-26T14:33:44.0279646Z  [32m✓[39m src/__tests__/App.integration.test.jsx [2m([22m[2m8 tests[22m[2m)[22m[33m 916[2mms[22m[39m
2026-02-26T14:33:44.0445676Z 
2026-02-26T14:33:44.0457315Z [2m Test Files [22m [1m[32m2 passed[39m[22m[90m (2)[39m
2026-02-26T14:33:44.0465404Z [2m      Tests [22m [1m[32m14 passed[39m[22m[90m (14)[39m
2026-02-26T14:33:44.0467385Z [2m   Start at [22m 14:33:42
2026-02-26T14:33:44.0468710Z [2m   Duration [22m 1.88s[2m (transform 109ms, setup 145ms, collect 460ms, tests 1.49s, environment 832ms, prepare 145ms)[22m
2026-02-26T14:33:44.0469506Z 
2026-02-26T14:33:44.0744554Z ##[group]Run npm run test:coverage
2026-02-26T14:33:44.0745081Z [36;1mnpm run test:coverage[0m
2026-02-26T14:33:44.0815675Z shell: /usr/bin/bash -e {0}
2026-02-26T14:33:44.0816102Z ##[endgroup]
2026-02-26T14:33:44.2006475Z 
2026-02-26T14:33:44.2007021Z > taskflow@1.0.0 test:coverage
2026-02-26T14:33:44.2007774Z > vitest run --coverage src/utils src/components
2026-02-26T14:33:44.2008070Z 
2026-02-26T14:33:44.6662481Z 
2026-02-26T14:33:44.6664408Z [1m[7m[36m RUN [39m[27m[22m [36mv2.1.9 [39m[90m/home/runner/work/ci-netlify/ci-netlify[39m
2026-02-26T14:33:44.6665520Z       [2mCoverage enabled with [22m[33mv8[39m
2026-02-26T14:33:44.6665908Z 
2026-02-26T14:33:45.8164127Z  [32m✓[39m src/utils/__tests__/taskHelpers.test.js [2m([22m[2m22 tests[22m[2m)[22m[90m 16[2mms[22m[39m
2026-02-26T14:33:46.2529333Z  [32m✓[39m src/components/__tests__/TaskFilters.test.jsx [2m([22m[2m6 tests[22m[2m)[22m[90m 239[2mms[22m[39m
2026-02-26T14:33:46.2704429Z  [32m✓[39m src/components/__tests__/TaskItem.test.jsx [2m([22m[2m7 tests[22m[2m)[22m[90m 253[2mms[22m[39m
2026-02-26T14:33:47.1922487Z  [32m✓[39m src/components/__tests__/TaskForm.test.jsx [2m([22m[2m5 tests[22m[2m)[22m[90m 297[2mms[22m[39m
2026-02-26T14:33:47.3500372Z  [32m✓[39m src/components/__tests__/TaskList.test.jsx [2m([22m[2m4 tests[22m[2m)[22m[90m 100[2mms[22m[39m
2026-02-26T14:33:47.4668587Z 
2026-02-26T14:33:47.4681191Z [2m Test Files [22m [1m[32m5 passed[39m[22m[90m (5)[39m
2026-02-26T14:33:47.4682534Z [2m      Tests [22m [1m[32m44 passed[39m[22m[90m (44)[39m
2026-02-26T14:33:47.4683392Z [2m   Start at [22m 14:33:44
2026-02-26T14:33:47.4687551Z [2m   Duration [22m 2.80s[2m (transform 162ms, setup 503ms, collect 829ms, tests 905ms, environment 2.92s, prepare 453ms)[22m
2026-02-26T14:33:47.4688918Z 
2026-02-26T14:33:47.4706948Z [34m % [39m[2mCoverage report from [22m[33mv8[39m
2026-02-26T14:33:47.4753433Z ------------------|---------|----------|---------|---------|-------------------
2026-02-26T14:33:47.4754672Z File              | % Stmts | % Branch | % Funcs | % Lines | Uncovered Line #s 
2026-02-26T14:33:47.4755563Z ------------------|---------|----------|---------|---------|-------------------
2026-02-26T14:33:47.4762061Z All files         |     100 |      100 |     100 |     100 |                   
2026-02-26T14:33:47.4763507Z  components       |     100 |      100 |     100 |     100 |                   
2026-02-26T14:33:47.4764345Z   TaskFilters.jsx |     100 |      100 |     100 |     100 |                   
2026-02-26T14:33:47.4766171Z   TaskForm.jsx    |     100 |      100 |     100 |     100 |                   
2026-02-26T14:33:47.4766982Z   TaskItem.jsx    |     100 |      100 |     100 |     100 |                   
2026-02-26T14:33:47.4768256Z   TaskList.jsx    |     100 |      100 |     100 |     100 |                   
2026-02-26T14:33:47.4769318Z  utils            |     100 |      100 |     100 |     100 |                   
2026-02-26T14:33:47.4772062Z   taskHelpers.js  |     100 |      100 |     100 |     100 |                   
2026-02-26T14:33:47.4773271Z ------------------|---------|----------|---------|---------|-------------------
2026-02-26T14:33:47.5267366Z ##[group]Run actions/upload-artifact@v4
2026-02-26T14:33:47.5267704Z with:
2026-02-26T14:33:47.5267898Z   name: coverage-report
2026-02-26T14:33:47.5268107Z   path: coverage/
2026-02-26T14:33:47.5268308Z   if-no-files-found: warn
2026-02-26T14:33:47.5268532Z   compression-level: 6
2026-02-26T14:33:47.5268730Z   overwrite: false
2026-02-26T14:33:47.5268928Z   include-hidden-files: false
2026-02-26T14:33:47.5269152Z ##[endgroup]
2026-02-26T14:33:47.7510373Z With the provided path, there will be 17 files uploaded
2026-02-26T14:33:47.7516486Z Artifact name is valid!
2026-02-26T14:33:47.7518698Z Root directory input is valid!
2026-02-26T14:33:47.8634574Z Beginning upload of artifact content to blob storage
2026-02-26T14:33:47.9645436Z Uploaded bytes 30988
2026-02-26T14:33:47.9840461Z Finished uploading artifact content to blob storage!
2026-02-26T14:33:47.9844085Z SHA256 digest of uploaded artifact zip is 2b0a9231d8316c6f6abc3b316e318ad14cf612d7b090f97bb2c349c8c1c2b361
2026-02-26T14:33:47.9845752Z Finalizing artifact upload
2026-02-26T14:33:48.0896276Z Artifact coverage-report.zip successfully finalized. Artifact ID 5673677332
2026-02-26T14:33:48.0897825Z Artifact coverage-report has been successfully uploaded! Final size is 30988 bytes. Artifact ID is 5673677332
2026-02-26T14:33:48.0905300Z Artifact download URL: https://github.com/DenisDMU/ci-netlify/actions/runs/22446600326/artifacts/5673677332
2026-02-26T14:33:48.1036909Z Post job cleanup.
2026-02-26T14:33:48.2611237Z Cache hit occurred on the primary key node-cache-Linux-x64-npm-5013f6ef94677f68d37e7b2a59286a79272ac61571ce8f401bfef38076b803ea, not saving cache.
2026-02-26T14:33:48.2720239Z Post job cleanup.
2026-02-26T14:33:48.3687882Z [command]/usr/bin/git version
2026-02-26T14:33:48.3726701Z git version 2.53.0
2026-02-26T14:33:48.3770856Z Temporarily overriding HOME='/home/runner/work/_temp/010acfea-d10a-4663-9d9c-a68d8fe6550f' before making global git config changes
2026-02-26T14:33:48.3772525Z Adding repository directory to the temporary git global config as a safe directory
2026-02-26T14:33:48.3776728Z [command]/usr/bin/git config --global --add safe.directory /home/runner/work/ci-netlify/ci-netlify
2026-02-26T14:33:48.3815691Z [command]/usr/bin/git config --local --name-only --get-regexp core\.sshCommand
2026-02-26T14:33:48.3850104Z [command]/usr/bin/git submodule foreach --recursive sh -c "git config --local --name-only --get-regexp 'core\.sshCommand' && git config --local --unset-all 'core.sshCommand' || :"
2026-02-26T14:33:48.4103385Z [command]/usr/bin/git config --local --name-only --get-regexp http\.https\:\/\/github\.com\/\.extraheader
2026-02-26T14:33:48.4130001Z http.https://github.com/.extraheader
2026-02-26T14:33:48.4144197Z [command]/usr/bin/git config --local --unset-all http.https://github.com/.extraheader
2026-02-26T14:33:48.4181182Z [command]/usr/bin/git submodule foreach --recursive sh -c "git config --local --name-only --get-regexp 'http\.https\:\/\/github\.com\/\.extraheader' && git config --local --unset-all 'http.https://github.com/.extraheader' || :"
2026-02-26T14:33:48.4449818Z [command]/usr/bin/git config --local --name-only --get-regexp ^includeIf\.gitdir:
2026-02-26T14:33:48.4487904Z [command]/usr/bin/git submodule foreach --recursive git config --local --show-origin --name-only --get-regexp remote.origin.url
2026-02-26T14:33:48.4884561Z Cleaning up orphan processes
